Category: 📺央视频道, Name: CCTV-1, Total: 2, Valid: 2, Valid Percent: 100.00%, Whitelist: 0, IPv4: 2, IPv6: 0, Min Delay: 48 ms, Max Speed: 98.71 M/s, Avg Speed: 55.29 M/s, Max Resolution: 1920x1080
Category: 📺央视频道, Name: CCTV-2, Total: 5, Valid: 5, Valid Percent: 100.00%, Whitelist: 0, IPv4: 5, IPv6: 0, Min Delay: 55 ms, Max Speed: 60.99 M/s, Avg Speed: 21.07 M/s, Max Resolution: 1920x1080
Category: 📺央视频道, Name: CCTV-3, Total: 3, Valid: 3, Valid Percent: 100.00%, Whitelist: 0, IPv4: 3, IPv6: 0, Min Delay: 523 ms, Max Speed: 7.14 M/s, Avg Speed: 2.94 M/s, Max Resolution: 1920x1080
Category: 📺央视频道, Name: CCTV-4, Total: 1, Valid: 1, Valid Percent: 100.00%, Whitelist: 0, IPv4: 1, IPv6: 0, Min Delay: 505 ms, Max Speed: 0.02 M/s, Avg Speed: 0.02 M/s, Max Resolution: 1920x1080
Category: 📺央视频道, Name: CCTV-5, Total: 1, Valid: 1, Valid Percent: 100.00%, Whitelist: 0, IPv4: 1, IPv6: 0, Min Delay: 1177 ms, Max Speed: 0.20 M/s, Avg Speed: 0.20 M/s, Max Resolution: 1920x1080
Category: 📺央视频道, Name: CCTV-5+, Total: 1, Valid: 1, Valid Percent: 100.00%, Whitelist: 0, IPv4: 1, IPv6: 0, Min Delay: 553 ms, Max Speed: 0.07 M/s, Avg Speed: 0.07 M/s, Max Resolution: 1920x1080
Category: 📺央视频道, Name: CCTV-6, Total: 4, Valid: 4, Valid Percent: 100.00%, Whitelist: 0, IPv4: 4, IPv6: 0, Min Delay: 50 ms, Max Speed: 96.79 M/s, Avg Speed: 54.87 M/s, Max Resolution: 1920x1080
Category: 📺央视频道, Name: CCTV-7, Total: 1, Valid: 1, Valid Percent: 100.00%, Whitelist: 0, IPv4: 1, IPv6: 0, Min Delay: 557 ms, Max Speed: 0.03 M/s, Avg Speed: 0.03 M/s, Max Resolution: 1920x1080
Category: 📺央视频道, Name: CCTV-8, Total: 1, Valid: 1, Valid Percent: 100.00%, Whitelist: 0, IPv4: 1, IPv6: 0, Min Delay: 381 ms, Max Speed: 13.60 M/s, Avg Speed: 13.60 M/s, Max Resolution: 1920x1080
Category: 📺央视频道, Name: CCTV-9, Total: 13, Valid: 13, Valid Percent: 100.00%, Whitelist: 0, IPv4: 13, IPv6: 0, Min Delay: 58 ms, Max Speed: 91.41 M/s, Avg Speed: 38.91 M/s, Max Resolution: 1920x1080
Category: 📺央视频道, Name: CCTV-10, Total: 8, Valid: 8, Valid Percent: 100.00%, Whitelist: 0, IPv4: 8, IPv6: 0, Min Delay: 62 ms, Max Speed: 87.32 M/s, Avg Speed: 27.69 M/s, Max Resolution: 1920x1080
Category: 📺央视频道, Name: CCTV-11, Total: 5, Valid: 5, Valid Percent: 100.00%, Whitelist: 0, IPv4: 5, IPv6: 0, Min Delay: 54 ms, Max Speed: 95.59 M/s, Avg Speed: 22.46 M/s, Max Resolution: 1920x1080
Category: 📺央视频道, Name: CCTV-12, Total: 2, Valid: 2, Valid Percent: 100.00%, Whitelist: 0, IPv4: 2, IPv6: 0, Min Delay: 295 ms, Max Speed: 6.88 M/s, Avg Speed: 4.46 M/s, Max Resolution: 1920x1080
Category: 📺央视频道, Name: CCTV-13, Total: 5, Valid: 5, Valid Percent: 100.00%, Whitelist: 0, IPv4: 5, IPv6: 0, Min Delay: 66 ms, Max Speed: 82.55 M/s, Avg Speed: 21.32 M/s, Max Resolution: 1920x1080
Category: 📺央视频道, Name: CCTV-14, Total: 3, Valid: 3, Valid Percent: 100.00%, Whitelist: 0, IPv4: 3, IPv6: 0, Min Delay: 52 ms, Max Speed: 85.48 M/s, Avg Speed: 29.98 M/s, Max Resolution: 1920x1080
Category: 📺央视频道, Name: CCTV-15, Total: 1, Valid: 1, Valid Percent: 100.00%, Whitelist: 0, IPv4: 1, IPv6: 0, Min Delay: 2789 ms, Max Speed: 1.84 M/s, Avg Speed: 1.84 M/s, Max Resolution: 1920x1080
Category: 📺央视频道, Name: CCTV-16, Total: 1, Valid: 1, Valid Percent: 100.00%, Whitelist: 0, IPv4: 1, IPv6: 0, Min Delay: 308 ms, Max Speed: 8.51 M/s, Avg Speed: 8.51 M/s, Max Resolution: 1920x1080
Category: 📺央视频道, Name: CCTV-17, Total: 9, Valid: 9, Valid Percent: 100.00%, Whitelist: 0, IPv4: 9, IPv6: 0, Min Delay: 50 ms, Max Speed: 102.19 M/s, Avg Speed: 57.78 M/s, Max Resolution: 1920x1080
Category: 📺央视频道, Name: CETV-1, Total: 3, Valid: 3, Valid Percent: 100.00%, Whitelist: 0, IPv4: 3, IPv6: 0, Min Delay: 473 ms, Max Speed: 5.70 M/s, Avg Speed: 4.00 M/s, Max Resolution: 1920x1080
Category: 📺央视频道, Name: CETV-2, Total: 2, Valid: 2, Valid Percent: 100.00%, Whitelist: 0, IPv4: 2, IPv6: 0, Min Delay: 212 ms, Max Speed: 7.78 M/s, Avg Speed: 3.97 M/s, Max Resolution: 1920x1080
Category: 📺央视频道, Name: CETV-3, Total: 6, Valid: 6, Valid Percent: 100.00%, Whitelist: 0, IPv4: 6, IPv6: 0, Min Delay: 295 ms, Max Speed: 9.20 M/s, Avg Speed: 8.86 M/s, Max Resolution: 1280x720
Category: 📡卫视频道, Name: 广东卫视, Total: 1, Valid: 1, Valid Percent: 100.00%, Whitelist: 0, IPv4: 1, IPv6: 0, Min Delay: 67 ms, Max Speed: 1.47 M/s, Avg Speed: 1.47 M/s, Max Resolution: None
Category: 📡卫视频道, Name: 香港卫视, Total: 2, Valid: 1, Valid Percent: 50.00%, Whitelist: 0, IPv4: 2, IPv6: 0, Min Delay: 12 ms, Max Speed: 9.64 M/s, Avg Speed: 9.64 M/s, Max Resolution: 19x24
Category: 📡卫视频道, Name: 浙江卫视, Total: 13, Valid: 13, Valid Percent: 100.00%, Whitelist: 0, IPv4: 13, IPv6: 0, Min Delay: 51 ms, Max Speed: 100.06 M/s, Avg Speed: 27.72 M/s, Max Resolution: 1920x1080
Category: 📡卫视频道, Name: 湖南卫视, Total: 2, Valid: 2, Valid Percent: 100.00%, Whitelist: 0, IPv4: 2, IPv6: 0, Min Delay: 67 ms, Max Speed: 1.46 M/s, Avg Speed: 0.81 M/s, Max Resolution: 1920x1080
Category: 📡卫视频道, Name: 北京卫视, Total: 1, Valid: 1, Valid Percent: 100.00%, Whitelist: 0, IPv4: 1, IPv6: 0, Min Delay: 81 ms, Max Speed: 1.26 M/s, Avg Speed: 1.26 M/s, Max Resolution: None
Category: 📡卫视频道, Name: 湖北卫视, Total: 1, Valid: 1, Valid Percent: 100.00%, Whitelist: 0, IPv4: 1, IPv6: 0, Min Delay: 65 ms, Max Speed: 1.40 M/s, Avg Speed: 1.40 M/s, Max Resolution: None
Category: 📡卫视频道, Name: 黑龙江卫视, Total: 1, Valid: 1, Valid Percent: 100.00%, Whitelist: 0, IPv4: 1, IPv6: 0, Min Delay: 518 ms, Max Speed: 0.43 M/s, Avg Speed: 0.43 M/s, Max Resolution: 1920x1080
Category: 📡卫视频道, Name: 安徽卫视, Total: 2, Valid: 2, Valid Percent: 100.00%, Whitelist: 0, IPv4: 2, IPv6: 0, Min Delay: 71 ms, Max Speed: 1.38 M/s, Avg Speed: 0.90 M/s, Max Resolution: 1920x1080
Category: 📡卫视频道, Name: 重庆卫视, Total: 2, Valid: 2, Valid Percent: 100.00%, Whitelist: 0, IPv4: 2, IPv6: 0, Min Delay: 71 ms, Max Speed: 1.40 M/s, Avg Speed: 0.92 M/s, Max Resolution: 1920x1080
Category: 📡卫视频道, Name: 东方卫视, Total: 15, Valid: 15, Valid Percent: 100.00%, Whitelist: 0, IPv4: 15, IPv6: 0, Min Delay: 55 ms, Max Speed: 87.75 M/s, Avg Speed: 22.94 M/s, Max Resolution: 1920x1080
Category: 📡卫视频道, Name: 东南卫视, Total: 1, Valid: 1, Valid Percent: 100.00%, Whitelist: 0, IPv4: 1, IPv6: 0, Min Delay: 68 ms, Max Speed: 1.34 M/s, Avg Speed: 1.34 M/s, Max Resolution: None
Category: 📡卫视频道, Name: 甘肃卫视, Total: 11, Valid: 11, Valid Percent: 100.00%, Whitelist: 0, IPv4: 11, IPv6: 0, Min Delay: 59 ms, Max Speed: 84.35 M/s, Avg Speed: 40.96 M/s, Max Resolution: 1920x1080
Category: 📡卫视频道, Name: 广西卫视, Total: 6, Valid: 6, Valid Percent: 100.00%, Whitelist: 0, IPv4: 6, IPv6: 0, Min Delay: 62 ms, Max Speed: 86.57 M/s, Avg Speed: 38.09 M/s, Max Resolution: 1920x1080
Category: 📡卫视频道, Name: 贵州卫视, Total: 1, Valid: 1, Valid Percent: 100.00%, Whitelist: 0, IPv4: 1, IPv6: 0, Min Delay: 74 ms, Max Speed: 1.26 M/s, Avg Speed: 1.26 M/s, Max Resolution: None
Category: 📡卫视频道, Name: 海南卫视, Total: 5, Valid: 5, Valid Percent: 100.00%, Whitelist: 0, IPv4: 5, IPv6: 0, Min Delay: 68 ms, Max Speed: 77.38 M/s, Avg Speed: 40.39 M/s, Max Resolution: 1920x1080
Category: 📡卫视频道, Name: 河北卫视, Total: 1, Valid: 1, Valid Percent: 100.00%, Whitelist: 0, IPv4: 1, IPv6: 0, Min Delay: 63 ms, Max Speed: 1.49 M/s, Avg Speed: 1.49 M/s, Max Resolution: None
Category: 📡卫视频道, Name: 河南卫视, Total: 1, Valid: 1, Valid Percent: 100.00%, Whitelist: 0, IPv4: 1, IPv6: 0, Min Delay: 66 ms, Max Speed: 1.40 M/s, Avg Speed: 1.40 M/s, Max Resolution: None
Category: 📡卫视频道, Name: 吉林卫视, Total: 1, Valid: 1, Valid Percent: 100.00%, Whitelist: 0, IPv4: 1, IPv6: 0, Min Delay: 72 ms, Max Speed: 1.33 M/s, Avg Speed: 1.33 M/s, Max Resolution: None
Category: 📡卫视频道, Name: 江苏卫视, Total: 1, Valid: 1, Valid Percent: 100.00%, Whitelist: 0, IPv4: 1, IPv6: 0, Min Delay: 481 ms, Max Speed: 0.55 M/s, Avg Speed: 0.55 M/s, Max Resolution: 1920x1080
Category: 📡卫视频道, Name: 江西卫视, Total: 7, Valid: 7, Valid Percent: 100.00%, Whitelist: 0, IPv4: 7, IPv6: 0, Min Delay: 53 ms, Max Speed: 101.72 M/s, Avg Speed: 59.30 M/s, Max Resolution: 1920x1080
Category: 📡卫视频道, Name: 辽宁卫视, Total: 1, Valid: 1, Valid Percent: 100.00%, Whitelist: 0, IPv4: 1, IPv6: 0, Min Delay: 380 ms, Max Speed: 10.78 M/s, Avg Speed: 10.78 M/s, Max Resolution: 1920x1080
Category: 📡卫视频道, Name: 内蒙古卫视, Total: 2, Valid: 2, Valid Percent: 100.00%, Whitelist: 0, IPv4: 2, IPv6: 0, Min Delay: 71 ms, Max Speed: 1.41 M/s, Avg Speed: 1.26 M/s, Max Resolution: 1920x1080
Category: 📡卫视频道, Name: 宁夏卫视, Total: 1, Valid: 1, Valid Percent: 100.00%, Whitelist: 0, IPv4: 1, IPv6: 0, Min Delay: 74 ms, Max Speed: 1.28 M/s, Avg Speed: 1.28 M/s, Max Resolution: None
Category: 📡卫视频道, Name: 青海卫视, Total: 1, Valid: 1, Valid Percent: 100.00%, Whitelist: 0, IPv4: 1, IPv6: 0, Min Delay: 73 ms, Max Speed: 1.32 M/s, Avg Speed: 1.32 M/s, Max Resolution: None
Category: 📡卫视频道, Name: 山东卫视, Total: 1, Valid: 1, Valid Percent: 100.00%, Whitelist: 0, IPv4: 1, IPv6: 0, Min Delay: 71 ms, Max Speed: 1.37 M/s, Avg Speed: 1.37 M/s, Max Resolution: None
Category: 📡卫视频道, Name: 山西卫视, Total: 1, Valid: 1, Valid Percent: 100.00%, Whitelist: 0, IPv4: 1, IPv6: 0, Min Delay: 65 ms, Max Speed: 1.44 M/s, Avg Speed: 1.44 M/s, Max Resolution: None
Category: 📡卫视频道, Name: 陕西卫视, Total: 1, Valid: 1, Valid Percent: 100.00%, Whitelist: 0, IPv4: 1, IPv6: 0, Min Delay: 79 ms, Max Speed: 1.26 M/s, Avg Speed: 1.26 M/s, Max Resolution: None
Category: 📡卫视频道, Name: 四川卫视, Total: 5, Valid: 5, Valid Percent: 100.00%, Whitelist: 0, IPv4: 5, IPv6: 0, Min Delay: 54 ms, Max Speed: 94.74 M/s, Avg Speed: 65.33 M/s, Max Resolution: 3840x2160
Category: 📡卫视频道, Name: 深圳卫视, Total: 1, Valid: 1, Valid Percent: 100.00%, Whitelist: 0, IPv4: 1, IPv6: 0, Min Delay: 73 ms, Max Speed: 1.33 M/s, Avg Speed: 1.33 M/s, Max Resolution: None
Category: 📡卫视频道, Name: 三沙卫视, Total: 5, Valid: 5, Valid Percent: 100.00%, Whitelist: 0, IPv4: 5, IPv6: 0, Min Delay: 45 ms, Max Speed: 110.86 M/s, Avg Speed: 39.59 M/s, Max Resolution: 1920x1080
Category: 📡卫视频道, Name: 天津卫视, Total: 1, Valid: 1, Valid Percent: 100.00%, Whitelist: 0, IPv4: 1, IPv6: 0, Min Delay: 483 ms, Max Speed: 0.86 M/s, Avg Speed: 0.86 M/s, Max Resolution: 1920x1080
Category: 📡卫视频道, Name: 西藏卫视, Total: 1, Valid: 1, Valid Percent: 100.00%, Whitelist: 0, IPv4: 1, IPv6: 0, Min Delay: 64 ms, Max Speed: 1.47 M/s, Avg Speed: 1.47 M/s, Max Resolution: None
Category: 📡卫视频道, Name: 新疆卫视, Total: 1, Valid: 1, Valid Percent: 100.00%, Whitelist: 0, IPv4: 1, IPv6: 0, Min Delay: 63 ms, Max Speed: 1.39 M/s, Avg Speed: 1.39 M/s, Max Resolution: None
